
> solar-system-emulator@1.0.0 dev
> next dev

   ▲ Next.js 15.5.9
   - Local:        http://localhost:3000
   - Network:      http://192.168.0.2:3000

 ✓ Starting...
 ✓ Ready in 1956ms
 ○ Compiling / ...
 ✓ Compiled / in 21.9s (2639 modules)
 GET / 200 in 22758ms
 ○ Compiling /api/nasa/neo ...
 ✓ Compiled /api/nasa/neo in 2.6s (2643 modules)
[2026-04-08T08:01:38.924Z] [DEBUG] [NASA API] Fetching NEO data: 2026-04-08 to 2026-04-08
[2026-04-08T08:01:39.229Z] [DEBUG] [NASA API] Successfully fetched 9 NEO objects
 GET /api/nasa/neo?start_date=2026-04-08&end_date=2026-04-08 200 in 3286ms
[2026-04-08T08:01:39.273Z] [DEBUG] [NASA API] Fetching NEO data: 2026-04-08 to 2026-04-08
[2026-04-08T08:01:39.485Z] [DEBUG] [NASA API] Successfully fetched 9 NEO objects
 GET /api/nasa/neo?start_date=2026-04-08&end_date=2026-04-08 200 in 238ms
 GET / 200 in 411ms
[2026-04-08T08:02:50.144Z] [DEBUG] [NASA API] Fetching NEO data: 2026-04-08 to 2026-04-08
[2026-04-08T08:02:50.507Z] [DEBUG] [NASA API] Successfully fetched 9 NEO objects
 GET /api/nasa/neo?start_date=2026-04-08&end_date=2026-04-08 200 in 397ms
[2026-04-08T08:02:50.548Z] [DEBUG] [NASA API] Fetching NEO data: 2026-04-08 to 2026-04-08
[2026-04-08T08:02:50.836Z] [DEBUG] [NASA API] Successfully fetched 9 NEO objects
 GET /api/nasa/neo?start_date=2026-04-08&end_date=2026-04-08 200 in 325ms
